C51 COMPILER V9.54   MAN                                                                   03/07/2024 20:17:36 PAGE 1   


C51 COMPILER V9.54, COMPILATION OF MODULE MAN
OBJECT MODULE PLACED IN .\Objects\man.obj
COMPILER INVOKED BY: C:\Keil_v5\C51\BIN\C51.EXE man.c OPTIMIZE(8,SPEED) BROWSE DEBUG OBJECTEXTEND PRINT(.\Listings\man.l
                    -st) TABS(6) OBJECT(.\Objects\man.obj)

line level    source

   1          #include <REGX52.H>
   2          #include "Delay.h"
   3          #include <INTRINS.h>
   4          
   5          unsigned int i,j;
   6          void main ()
   7          {
   8   1            P2=0x01;    
   9   1            if(P3_1==0)
  10   1            {           
  11   2                  Delay(20);
  12   2                  while(P3_1==0);   
  13   2                  
  14   2                  j++;
  15   2            }
  16   1                  if(j==2)
  17   1                  {
  18   2                        j=0;
  19   2                  }     
  20   1      
  21   1            if(j==1)
  22   1                  {
  23   2                        while(1)                      
  24   2                        {
  25   3                              Delay(50);
  26   3                              while(P3_1==0);
  27   3                              P2=_cror_(P2,1);
  28   3                              Delay(50);
  29   3                        }                       
  30   2                  }
  31   1                  
  32   1            if(j==0)
  33   1                  {
  34   2                        while(1)                      
  35   2                        {
  36   3                              Delay(50);
  37   3                              while(P3_1==0);
  38   3                              P2=_crol_(P2,1);
  39   3                              Delay(50);
  40   3                        }                       
  41   2                  }
  42   1                  
  43   1      
  44   1      
  45   1      }


MODULE INFORMATION:   STATIC OVERLAYABLE
   CODE SIZE        =    115    ----
   CONSTANT SIZE    =   ----    ----
   XDATA SIZE       =   ----    ----
   PDATA SIZE       =   ----    ----
   DATA SIZE        =      4    ----
   IDATA SIZE       =   ----    ----
C51 COMPILER V9.54   MAN                                                                   03/07/2024 20:17:36 PAGE 2   

   BIT SIZE         =   ----    ----
END OF MODULE INFORMATION.


C51 COMPILATION COMPLETE.  0 WARNING(S),  0 ERROR(S)
