C51 COMPILER V9.54   DS1302                                                                03/23/2024 15:19:53 PAGE 1   


C51 COMPILER V9.54, COMPILATION OF MODULE DS1302
OBJECT MODULE PLACED IN .\Objects\DS1302.obj
COMPILER INVOKED BY: C:\Keil_v5\C51\BIN\C51.EXE DS1302.c OPTIMIZE(8,SPEED) BROWSE DEBUG OBJECTEXTEND PRINT(.\Listings\DS
                    -1302.lst) TABS(6) OBJECT(.\Objects\DS1302.obj)

line level    source

   1          
   2          #include <REGX52.H>
   3          
   4          sbit DS1302_SlCK=P3^6;
   5          sbit DS1302_IO=P3^4;
   6          sbit DS1302_CE=P3^5;
   7          #define DS1302_SECOND         0x80
   8          #define DS1302_MINUTE         0x82
   9          #define DS1302_HOUR                 0x84
  10          #define DS1302_DATE                 0x86
  11          #define DS1302_MONTH          0x88
  12          #define DS1302_DAY                  0x8A
  13          #define DS1302_YEAR                 0x8C
  14          #define DS1302_WP             0x8E
  15          unsigned char DS1302_Time[]={24,3,23,15,59,55,6};//通过数组进行时间的交换，芯片进行时间的运算
  16          void DS1302_Init(void)
  17          {
  18   1            DS1302_CE=0;
  19   1            DS1302_SlCK=0;
  20   1      }
  21          void DS1302_WriteByte(unsigned char Command,Data)
  22          {
  23   1            int i=0;          
  24   1            DS1302_CE=1;//CE是时序 
  25   1            for(i=0;i<8;i++)//写入控制字
  26   1            {
  27   2                  DS1302_IO=Command&(0x01<<i);//
  28   2                  DS1302_SlCK=1;//读操作
  29   2                  DS1302_SlCK=0;
  30   2            }
  31   1            for(i=0;i<8;i++)//写入数据
  32   1            {
  33   2                  DS1302_IO=Data&(0x01<<i);
  34   2                  DS1302_SlCK=1;
  35   2                  DS1302_SlCK=0;
  36   2            }
  37   1             DS1302_CE=0;
  38   1      }
  39          unsigned char DS1302_ReadByte(unsigned char Command)  //写入控制字返回参数
  40          {
  41   1            int i=0;
  42   1            unsigned char Data=0x00;
  43   1            Command|=0x01;    
  44   1            DS1302_CE=1;      
  45   1            for(i=0;i<8;i++)
  46   1            {
  47   2                  DS1302_IO=Command&(0x01<<i);
  48   2                  DS1302_SlCK=0;
  49   2                  DS1302_SlCK=1;
  50   2            }
  51   1                  for(i=0;i<8;i++)
  52   1            {                 
  53   2                  DS1302_SlCK=1;          
  54   2                  DS1302_SlCK=0;
C51 COMPILER V9.54   DS1302                                                                03/23/2024 15:19:53 PAGE 2   

  55   2                  if(DS1302_IO){Data|=(0x01<<i);}
  56   2            }
  57   1            DS1302_CE=0;
  58   1            DS1302_IO=0;      
  59   1            return Data;
  60   1      }
  61          
  62          void DS1302_SetTime(void)//将时间写入数组
  63          {
  64   1            DS1302_WriteByte(DS1302_WP,0x00);//关闭写保护
  65   1            DS1302_WriteByte(DS1302_YEAR,DS1302_Time[0]/10*16+DS1302_Time[0]%10);
  66   1            DS1302_WriteByte(DS1302_MONTH,DS1302_Time[1]/10*16+DS1302_Time[1]%10);
  67   1            DS1302_WriteByte(DS1302_DATE,DS1302_Time[2]/10*16+DS1302_Time[2]%10);
  68   1            DS1302_WriteByte(DS1302_HOUR,DS1302_Time[3]/10*16+DS1302_Time[3]%10);
  69   1            DS1302_WriteByte(DS1302_MINUTE,DS1302_Time[4]/10*16+DS1302_Time[4]%10);
  70   1            DS1302_WriteByte(DS1302_SECOND,DS1302_Time[5]/10*16+DS1302_Time[5]%10);
  71   1            DS1302_WriteByte(DS1302_DAY,DS1302_Time[6]/10*16+DS1302_Time[6]%10);
  72   1            DS1302_WriteByte(DS1302_WP,0x80);
  73   1      }
  74          
  75          
  76          void DS1302_ReadTime(void)//将时间读出入数组
  77          {
  78   1            unsigned char Temp;
  79   1            Temp=DS1302_ReadByte(DS1302_YEAR);
  80   1            DS1302_Time[0]=Temp/16*10+Temp%16;
  81   1            Temp=DS1302_ReadByte(DS1302_MONTH);
  82   1            DS1302_Time[1]=Temp/16*10+Temp%16;
  83   1            Temp=DS1302_ReadByte(DS1302_DATE);
  84   1            DS1302_Time[2]=Temp/16*10+Temp%16;
  85   1            Temp=DS1302_ReadByte(DS1302_HOUR);
  86   1            DS1302_Time[3]=Temp/16*10+Temp%16;
  87   1            Temp=DS1302_ReadByte(DS1302_MINUTE);
  88   1            DS1302_Time[4]=Temp/16*10+Temp%16;
  89   1            Temp=DS1302_ReadByte(DS1302_SECOND);
  90   1            DS1302_Time[5]=Temp/16*10+Temp%16;
  91   1            Temp=DS1302_ReadByte(DS1302_DAY);
  92   1            DS1302_Time[6]=Temp/16*10+Temp%16;
  93   1      }


MODULE INFORMATION:   STATIC OVERLAYABLE
   CODE SIZE        =    588    ----
   CONSTANT SIZE    =   ----    ----
   XDATA SIZE       =   ----    ----
   PDATA SIZE       =   ----    ----
   DATA SIZE        =      7       3
   IDATA SIZE       =   ----    ----
   BIT SIZE         =   ----    ----
END OF MODULE INFORMATION.


C51 COMPILATION COMPLETE.  0 WARNING(S),  0 ERROR(S)
