C51 COMPILER V9.54   MAIN                                                                  03/05/2024 16:53:27 PAGE 1   


C51 COMPILER V9.54, COMPILATION OF MODULE MAIN
OBJECT MODULE PLACED IN .\Objects\main.obj
COMPILER INVOKED BY: C:\Keil_v5\C51\BIN\C51.EXE main.c OPTIMIZE(8,SPEED) BROWSE DEBUG OBJECTEXTEND PRINT(.\Listings\main
                    -.lst) TABS(6) OBJECT(.\Objects\main.obj)

line level    source

   1          #include <REGX52.H>
   2          #include "DELAY.H"
   3          #include "UART.H"
   4          unsigned char NUM;
   5          
   6          
   7          void main()
   8          {
   9   1            UartInit();
  10   1            
  11   1            while (1)
  12   1            {
  13   2      //          UART_SendByte(NUM);     
  14   2      //          NUM++;
  15   2                  
  16   2                  UART_SendByte('F');Delay1000ms();   
  17   2                  UART_SendByte(0X55);Delay1000ms();  
  18   2                  UART_SendByte(0X43);Delay1000ms();
  19   2                  UART_SendByte(0X4B);Delay1000ms();  
  20   2                  UART_SendByte(0X13);Delay1000ms();  
  21   2            }
  22   1      }
  23          void UART_Rountine() interrupt 4
  24          {
  25   1            if(RI==1)
  26   1            {
  27   2                  P2=SBUF;                
  28   2                  RI=0;
  29   2            }
  30   1      }


MODULE INFORMATION:   STATIC OVERLAYABLE
   CODE SIZE        =     54    ----
   CONSTANT SIZE    =   ----    ----
   XDATA SIZE       =   ----    ----
   PDATA SIZE       =   ----    ----
   DATA SIZE        =      1    ----
   IDATA SIZE       =   ----    ----
   BIT SIZE         =   ----    ----
END OF MODULE INFORMATION.


C51 COMPILATION COMPLETE.  0 WARNING(S),  0 ERROR(S)
